// Validating benchmarks:
// ***** BenchmarkRunner: Start   *****
// ***** Found 3 benchmark(s) in total *****
// ***** Building 1 exe(s) in Parallel: Start   *****
Unable to find .sln or .csproj file. Will use current directory D:\Work\Coding\a-be-sql-dev-quest\dotnet to search for project file. If you don't use .sln file on purpose it should not be a problem.
// start dotnet  restore /p:UseSharedCompilation=false /p:BuildInParallel=false /m:1 /p:Deterministic=true /p:Optimize=true /p:IntermediateOutputPath="D:\Work\Coding\a-be-sql-dev-quest\dotnet\tests\AlzaLogistics.Benchmarks\bin\Release\net10.0\77b76eac-6a7c-4e25-8b96-c02cea04fe72\obj\Release\net10.0/" /p:OutDir="D:\Work\Coding\a-be-sql-dev-quest\dotnet\tests\AlzaLogistics.Benchmarks\bin\Release\net10.0\77b76eac-6a7c-4e25-8b96-c02cea04fe72\bin\Release\net10.0/" /p:OutputPath="D:\Work\Coding\a-be-sql-dev-quest\dotnet\tests\AlzaLogistics.Benchmarks\bin\Release\net10.0\77b76eac-6a7c-4e25-8b96-c02cea04fe72\bin\Release\net10.0/" in D:\Work\Coding\a-be-sql-dev-quest\dotnet\tests\AlzaLogistics.Benchmarks\bin\Release\net10.0\77b76eac-6a7c-4e25-8b96-c02cea04fe72
// command took 2.15 sec and exited with 0
// start dotnet  build -c Release --no-restore /p:UseSharedCompilation=false /p:BuildInParallel=false /m:1 /p:Deterministic=true /p:Optimize=true /p:IntermediateOutputPath="D:\Work\Coding\a-be-sql-dev-quest\dotnet\tests\AlzaLogistics.Benchmarks\bin\Release\net10.0\77b76eac-6a7c-4e25-8b96-c02cea04fe72\obj\Release\net10.0/" /p:OutDir="D:\Work\Coding\a-be-sql-dev-quest\dotnet\tests\AlzaLogistics.Benchmarks\bin\Release\net10.0\77b76eac-6a7c-4e25-8b96-c02cea04fe72\bin\Release\net10.0/" /p:OutputPath="D:\Work\Coding\a-be-sql-dev-quest\dotnet\tests\AlzaLogistics.Benchmarks\bin\Release\net10.0\77b76eac-6a7c-4e25-8b96-c02cea04fe72\bin\Release\net10.0/" --output "D:\Work\Coding\a-be-sql-dev-quest\dotnet\tests\AlzaLogistics.Benchmarks\bin\Release\net10.0\77b76eac-6a7c-4e25-8b96-c02cea04fe72\bin\Release\net10.0/" in D:\Work\Coding\a-be-sql-dev-quest\dotnet\tests\AlzaLogistics.Benchmarks\bin\Release\net10.0\77b76eac-6a7c-4e25-8b96-c02cea04fe72
// command took 8.5 sec and exited with 0
// ***** Done, took 00:00:10 (10.76 sec)   *****
// Found 3 benchmarks:
//   PlanningBenchmarks.'100K packages, 240 trips, greedy only': Dry(IterationCount=1, LaunchCount=1, RunStrategy=ColdStart, UnrollFactor=1, WarmupCount=1)
//   PlanningBenchmarks.'100K packages, 240 trips, greedy + local search': Dry(IterationCount=1, LaunchCount=1, RunStrategy=ColdStart, UnrollFactor=1, WarmupCount=1)
//   PlanningBenchmarks.'100K packages, 240 trips, round-robin (Low Demand)': Dry(IterationCount=1, LaunchCount=1, RunStrategy=ColdStart, UnrollFactor=1, WarmupCount=1)

Setup power plan (GUID: 8c5e7fda-e8bf-4a96-9a85-a6e23a8c635c FriendlyName: High performance)
// **************************
// Benchmark: PlanningBenchmarks.'100K packages, 240 trips, greedy only': Dry(IterationCount=1, LaunchCount=1, RunStrategy=ColdStart, UnrollFactor=1, WarmupCount=1)
// *** Execute ***
// Launch: 1 / 1
// Execute: dotnet 77b76eac-6a7c-4e25-8b96-c02cea04fe72.dll --anonymousPipes 1344 1348 --benchmarkName AlzaLogistics.Benchmarks.PlanningBenchmarks.Plan_100K_GreedyOnly --job Dry --benchmarkId 0 in D:\Work\Coding\a-be-sql-dev-quest\dotnet\tests\AlzaLogistics.Benchmarks\bin\Release\net10.0\77b76eac-6a7c-4e25-8b96-c02cea04fe72\bin\Release\net10.0
// BeforeAnythingElse

// Benchmark Process Environment Information:
// BenchmarkDotNet v0.14.0
// Runtime=.NET 10.0.11 (10.0.1126.37416), X64 RyuJIT AVX2
// GC=Concurrent Workstation
// HardwareIntrinsics=AVX2,AES,BMI1,BMI2,FMA,LZCNT,PCLMUL,POPCNT VectorSize=256
// Job: Dry(IterationCount=1, LaunchCount=1, RunStrategy=ColdStart, UnrollFactor=1, WarmupCount=1)

// BeforeActualRun
WorkloadActual   1: 1 op, 80338700.00 ns, 80.3387 ms/op

// AfterActualRun
WorkloadResult   1: 1 op, 80338700.00 ns, 80.3387 ms/op
// GC:  0 0 0 14041576 1
// Threading:  0 0 1

// AfterAll
// Benchmark Process 15576 has exited with code 0.

Mean = 80.339 ms, StdErr = 0.000 ms (0.00%), N = 1, StdDev = 0.000 ms
Min = 80.339 ms, Q1 = 80.339 ms, Median = 80.339 ms, Q3 = 80.339 ms, Max = 80.339 ms
IQR = 0.000 ms, LowerFence = 80.339 ms, UpperFence = 80.339 ms
ConfidenceInterval = [NaN ms; NaN ms] (CI 99.9%), Margin = NaN ms (NaN% of Mean)
Skewness = NaN, Kurtosis = NaN, MValue = 2

// ** Remained 2 (66.7%) benchmark(s) to run. Estimated finish 2026-08-28 13:19 (0h 0m from now) **
Setup power plan (GUID: 8c5e7fda-e8bf-4a96-9a85-a6e23a8c635c FriendlyName: High performance)
// **************************
// Benchmark: PlanningBenchmarks.'100K packages, 240 trips, greedy + local search': Dry(IterationCount=1, LaunchCount=1, RunStrategy=ColdStart, UnrollFactor=1, WarmupCount=1)
// *** Execute ***
// Launch: 1 / 1
// Execute: dotnet 77b76eac-6a7c-4e25-8b96-c02cea04fe72.dll --anonymousPipes 1412 1228 --benchmarkName AlzaLogistics.Benchmarks.PlanningBenchmarks.Plan_100K_WithLocalSearch --job Dry --benchmarkId 1 in D:\Work\Coding\a-be-sql-dev-quest\dotnet\tests\AlzaLogistics.Benchmarks\bin\Release\net10.0\77b76eac-6a7c-4e25-8b96-c02cea04fe72\bin\Release\net10.0
// BeforeAnythingElse

// Benchmark Process Environment Information:
// BenchmarkDotNet v0.14.0
// Runtime=.NET 10.0.11 (10.0.1126.37416), X64 RyuJIT AVX2
// GC=Concurrent Workstation
// HardwareIntrinsics=AVX2,AES,BMI1,BMI2,FMA,LZCNT,PCLMUL,POPCNT VectorSize=256
// Job: Dry(IterationCount=1, LaunchCount=1, RunStrategy=ColdStart, UnrollFactor=1, WarmupCount=1)

// BeforeActualRun
WorkloadActual   1: 1 op, 178363700.00 ns, 178.3637 ms/op

// AfterActualRun
WorkloadResult   1: 1 op, 178363700.00 ns, 178.3637 ms/op
// GC:  8 1 0 59136904 1
// Threading:  0 0 1

// AfterAll
// Benchmark Process 14724 has exited with code 0.

Mean = 178.364 ms, StdErr = 0.000 ms (0.00%), N = 1, StdDev = 0.000 ms
Min = 178.364 ms, Q1 = 178.364 ms, Median = 178.364 ms, Q3 = 178.364 ms, Max = 178.364 ms
IQR = 0.000 ms, LowerFence = 178.364 ms, UpperFence = 178.364 ms
ConfidenceInterval = [NaN ms; NaN ms] (CI 99.9%), Margin = NaN ms (NaN% of Mean)
Skewness = NaN, Kurtosis = NaN, MValue = 2

// ** Remained 1 (33.3%) benchmark(s) to run. Estimated finish 2026-08-28 13:19 (0h 0m from now) **
Setup power plan (GUID: 8c5e7fda-e8bf-4a96-9a85-a6e23a8c635c FriendlyName: High performance)
// **************************
// Benchmark: PlanningBenchmarks.'100K packages, 240 trips, round-robin (Low Demand)': Dry(IterationCount=1, LaunchCount=1, RunStrategy=ColdStart, UnrollFactor=1, WarmupCount=1)
// *** Execute ***
// Launch: 1 / 1
// Execute: dotnet 77b76eac-6a7c-4e25-8b96-c02cea04fe72.dll --anonymousPipes 1344 1216 --benchmarkName AlzaLogistics.Benchmarks.PlanningBenchmarks.Plan_100K_LowDemand --job Dry --benchmarkId 2 in D:\Work\Coding\a-be-sql-dev-quest\dotnet\tests\AlzaLogistics.Benchmarks\bin\Release\net10.0\77b76eac-6a7c-4e25-8b96-c02cea04fe72\bin\Release\net10.0
// BeforeAnythingElse

// Benchmark Process Environment Information:
// BenchmarkDotNet v0.14.0
// Runtime=.NET 10.0.11 (10.0.1126.37416), X64 RyuJIT AVX2
// GC=Concurrent Workstation
// HardwareIntrinsics=AVX2,AES,BMI1,BMI2,FMA,LZCNT,PCLMUL,POPCNT VectorSize=256
// Job: Dry(IterationCount=1, LaunchCount=1, RunStrategy=ColdStart, UnrollFactor=1, WarmupCount=1)

// BeforeActualRun
WorkloadActual   1: 1 op, 93504700.00 ns, 93.5047 ms/op

// AfterActualRun
WorkloadResult   1: 1 op, 93504700.00 ns, 93.5047 ms/op
// GC:  0 0 0 15305192 1
// Threading:  0 0 1

// AfterAll
// Benchmark Process 5408 has exited with code 0.

Mean = 93.505 ms, StdErr = 0.000 ms (0.00%), N = 1, StdDev = 0.000 ms
Min = 93.505 ms, Q1 = 93.505 ms, Median = 93.505 ms, Q3 = 93.505 ms, Max = 93.505 ms
IQR = 0.000 ms, LowerFence = 93.505 ms, UpperFence = 93.505 ms
ConfidenceInterval = [NaN ms; NaN ms] (CI 99.9%), Margin = NaN ms (NaN% of Mean)
Skewness = NaN, Kurtosis = NaN, MValue = 2

// ** Remained 0 (0.0%) benchmark(s) to run. Estimated finish 2026-08-28 13:19 (0h 0m from now) **
Successfully reverted power plan (GUID: 8c5e7fda-e8bf-4a96-9a85-a6e23a8c635c FriendlyName: High performance)
// ***** BenchmarkRunner: Finish  *****

// * Export *
  BenchmarkDotNet.Artifacts\results\AlzaLogistics.Benchmarks.PlanningBenchmarks-report.csv
  BenchmarkDotNet.Artifacts\results\AlzaLogistics.Benchmarks.PlanningBenchmarks-report-github.md
  BenchmarkDotNet.Artifacts\results\AlzaLogistics.Benchmarks.PlanningBenchmarks-report.html

// * Detailed results *
PlanningBenchmarks.'100K packages, 240 trips, greedy only': Dry(IterationCount=1, LaunchCount=1, RunStrategy=ColdStart, UnrollFactor=1, WarmupCount=1)
Runtime = .NET 10.0.11 (10.0.1126.37416), X64 RyuJIT AVX2; GC = Concurrent Workstation
Mean = 80.339 ms, StdErr = 0.000 ms (0.00%), N = 1, StdDev = 0.000 ms
Min = 80.339 ms, Q1 = 80.339 ms, Median = 80.339 ms, Q3 = 80.339 ms, Max = 80.339 ms
IQR = 0.000 ms, LowerFence = 80.339 ms, UpperFence = 80.339 ms
ConfidenceInterval = [NaN ms; NaN ms] (CI 99.9%), Margin = NaN ms (NaN% of Mean)
Skewness = NaN, Kurtosis = NaN, MValue = 2
-------------------- Histogram --------------------
[80.339 ms ; 80.339 ms) | @
---------------------------------------------------

PlanningBenchmarks.'100K packages, 240 trips, greedy + local search': Dry(IterationCount=1, LaunchCount=1, RunStrategy=ColdStart, UnrollFactor=1, WarmupCount=1)
Runtime = .NET 10.0.11 (10.0.1126.37416), X64 RyuJIT AVX2; GC = Concurrent Workstation
Mean = 178.364 ms, StdErr = 0.000 ms (0.00%), N = 1, StdDev = 0.000 ms
Min = 178.364 ms, Q1 = 178.364 ms, Median = 178.364 ms, Q3 = 178.364 ms, Max = 178.364 ms
IQR = 0.000 ms, LowerFence = 178.364 ms, UpperFence = 178.364 ms
ConfidenceInterval = [NaN ms; NaN ms] (CI 99.9%), Margin = NaN ms (NaN% of Mean)
Skewness = NaN, Kurtosis = NaN, MValue = 2
-------------------- Histogram --------------------
[178.364 ms ; 178.364 ms) | @
---------------------------------------------------

PlanningBenchmarks.'100K packages, 240 trips, round-robin (Low Demand)': Dry(IterationCount=1, LaunchCount=1, RunStrategy=ColdStart, UnrollFactor=1, WarmupCount=1)
Runtime = .NET 10.0.11 (10.0.1126.37416), X64 RyuJIT AVX2; GC = Concurrent Workstation
Mean = 93.505 ms, StdErr = 0.000 ms (0.00%), N = 1, StdDev = 0.000 ms
Min = 93.505 ms, Q1 = 93.505 ms, Median = 93.505 ms, Q3 = 93.505 ms, Max = 93.505 ms
IQR = 0.000 ms, LowerFence = 93.505 ms, UpperFence = 93.505 ms
ConfidenceInterval = [NaN ms; NaN ms] (CI 99.9%), Margin = NaN ms (NaN% of Mean)
Skewness = NaN, Kurtosis = NaN, MValue = 2
-------------------- Histogram --------------------
[93.505 ms ; 93.505 ms) | @
---------------------------------------------------

// * Summary *

BenchmarkDotNet v0.14.0, Windows 10 (10.0.19045.7663/22H2/2022Update)
Intel Core i7-7700HQ CPU 2.80GHz (Kaby Lake), 1 CPU, 8 logical and 4 physical cores
.NET SDK 10.0.400
  [Host] : .NET 10.0.11 (10.0.1126.37416), X64 RyuJIT AVX2
  Dry    : .NET 10.0.11 (10.0.1126.37416), X64 RyuJIT AVX2

Job=Dry  IterationCount=1  LaunchCount=1  
RunStrategy=ColdStart  UnrollFactor=1  WarmupCount=1  

| Method                                               | Mean      | Error | Gen0      | Gen1      | Allocated |
|----------------------------------------------------- |----------:|------:|----------:|----------:|----------:|
| '100K packages, 240 trips, greedy only'              |  80.34 ms |    NA |         - |         - |  13.39 MB |
| '100K packages, 240 trips, greedy + local search'    | 178.36 ms |    NA | 8000.0000 | 1000.0000 |   56.4 MB |
| '100K packages, 240 trips, round-robin (Low Demand)' |  93.50 ms |    NA |         - |         - |   14.6 MB |

// * Warnings *
MinIterationTime
  PlanningBenchmarks.'100K packages, 240 trips, greedy only': Dry              -> The minimum observed iteration time is 80.339ms which is very small. It's recommended to increase it to at least 100ms using more operations.
  PlanningBenchmarks.'100K packages, 240 trips, round-robin (Low Demand)': Dry -> The minimum observed iteration time is 93.505ms which is very small. It's recommended to increase it to at least 100ms using more operations.

// * Legends *
  Mean      : Arithmetic mean of all measurements
  Error     : Half of 99.9% confidence interval
  Gen0      : GC Generation 0 collects per 1000 operations
  Gen1      : GC Generation 1 collects per 1000 operations
  Allocated : Allocated memory per single operation (managed only, inclusive, 1KB = 1024B)
  1 ms      : 1 Millisecond (0.001 sec)

// * Diagnostic Output - MemoryDiagnoser *


// ***** BenchmarkRunner: End *****
Run time: 00:00:02 (2.14 sec), executed benchmarks: 3

Global total time: 00:00:13 (13.26 sec), executed benchmarks: 3
// * Artifacts cleanup *
Artifacts cleanup is finished
