// Validating benchmarks:
// ***** BenchmarkRunner: Start   *****
// ***** Found 5 benchmark(s) in total *****
// ***** Building 1 exe(s) in Parallel: Start   *****
Unable to find .sln or .csproj file. Will use current directory D:\Work\Coding\a-be-sql-dev-quest\dotnet to search for project file. If you don't use .sln file on purpose it should not be a problem.
// start dotnet  restore /p:UseSharedCompilation=false /p:BuildInParallel=false /m:1 /p:Deterministic=true /p:Optimize=true /p:IntermediateOutputPath="D:\Work\Coding\a-be-sql-dev-quest\dotnet\tests\AlzaLogistics.Benchmarks\bin\Release\net10.0\1c76ca73-b970-4c0d-9e93-1860e953f7ad\obj\Release\net10.0/" /p:OutDir="D:\Work\Coding\a-be-sql-dev-quest\dotnet\tests\AlzaLogistics.Benchmarks\bin\Release\net10.0\1c76ca73-b970-4c0d-9e93-1860e953f7ad\bin\Release\net10.0/" /p:OutputPath="D:\Work\Coding\a-be-sql-dev-quest\dotnet\tests\AlzaLogistics.Benchmarks\bin\Release\net10.0\1c76ca73-b970-4c0d-9e93-1860e953f7ad\bin\Release\net10.0/" in D:\Work\Coding\a-be-sql-dev-quest\dotnet\tests\AlzaLogistics.Benchmarks\bin\Release\net10.0\1c76ca73-b970-4c0d-9e93-1860e953f7ad
// command took 1.75 sec and exited with 0
// start dotnet  build -c Release --no-restore /p:UseSharedCompilation=false /p:BuildInParallel=false /m:1 /p:Deterministic=true /p:Optimize=true /p:IntermediateOutputPath="D:\Work\Coding\a-be-sql-dev-quest\dotnet\tests\AlzaLogistics.Benchmarks\bin\Release\net10.0\1c76ca73-b970-4c0d-9e93-1860e953f7ad\obj\Release\net10.0/" /p:OutDir="D:\Work\Coding\a-be-sql-dev-quest\dotnet\tests\AlzaLogistics.Benchmarks\bin\Release\net10.0\1c76ca73-b970-4c0d-9e93-1860e953f7ad\bin\Release\net10.0/" /p:OutputPath="D:\Work\Coding\a-be-sql-dev-quest\dotnet\tests\AlzaLogistics.Benchmarks\bin\Release\net10.0\1c76ca73-b970-4c0d-9e93-1860e953f7ad\bin\Release\net10.0/" --output "D:\Work\Coding\a-be-sql-dev-quest\dotnet\tests\AlzaLogistics.Benchmarks\bin\Release\net10.0\1c76ca73-b970-4c0d-9e93-1860e953f7ad\bin\Release\net10.0/" in D:\Work\Coding\a-be-sql-dev-quest\dotnet\tests\AlzaLogistics.Benchmarks\bin\Release\net10.0\1c76ca73-b970-4c0d-9e93-1860e953f7ad
// command took 8.89 sec and exited with 0
// ***** Done, took 00:00:10 (10.72 sec)   *****
// Found 5 benchmarks:
//   PlanningBenchmarks.'100K packages, 240 trips, greedy only': DefaultJob
//   PlanningBenchmarks.'100K packages, 240 trips, greedy + local search': DefaultJob
//   PlanningBenchmarks.'250K packages, 240 trips, greedy only': DefaultJob
//   PlanningBenchmarks.'500K packages, 240 trips, greedy only': DefaultJob
//   PlanningBenchmarks.'100K packages, 240 trips, round-robin (Low Demand)': DefaultJob

Setup power plan (GUID: 8c5e7fda-e8bf-4a96-9a85-a6e23a8c635c FriendlyName: High performance)
// **************************
// Benchmark: PlanningBenchmarks.'100K packages, 240 trips, greedy only': DefaultJob
// *** Execute ***
// Launch: 1 / 1
// Execute: dotnet 1c76ca73-b970-4c0d-9e93-1860e953f7ad.dll --anonymousPipes 1328 1332 --benchmarkName AlzaLogistics.Benchmarks.PlanningBenchmarks.Plan_100K_GreedyOnly --job Default --benchmarkId 0 in D:\Work\Coding\a-be-sql-dev-quest\dotnet\tests\AlzaLogistics.Benchmarks\bin\Release\net10.0\1c76ca73-b970-4c0d-9e93-1860e953f7ad\bin\Release\net10.0
// BeforeAnythingElse

// Benchmark Process Environment Information:
// BenchmarkDotNet v0.14.0
// Runtime=.NET 10.0.11 (10.0.1126.37416), X64 RyuJIT AVX2
// GC=Concurrent Workstation
// HardwareIntrinsics=AVX2,AES,BMI1,BMI2,FMA,LZCNT,PCLMUL,POPCNT VectorSize=256
// Job: DefaultJob

OverheadJitting  1: 1 op, 605100.00 ns, 605.1000 us/op
WorkloadJitting  1: 1 op, 79477000.00 ns, 79.4770 ms/op

WorkloadPilot    1: 2 op, 118083400.00 ns, 59.0417 ms/op
WorkloadPilot    2: 3 op, 165443900.00 ns, 55.1480 ms/op
WorkloadPilot    3: 4 op, 137794700.00 ns, 34.4487 ms/op
WorkloadPilot    4: 5 op, 149346300.00 ns, 29.8693 ms/op
WorkloadPilot    5: 6 op, 182411200.00 ns, 30.4019 ms/op
WorkloadPilot    6: 7 op, 210464400.00 ns, 30.0663 ms/op
WorkloadPilot    7: 8 op, 235506700.00 ns, 29.4383 ms/op
WorkloadPilot    8: 9 op, 315046200.00 ns, 35.0051 ms/op
WorkloadPilot    9: 10 op, 339646800.00 ns, 33.9647 ms/op
WorkloadPilot   10: 11 op, 406121000.00 ns, 36.9201 ms/op
WorkloadPilot   11: 12 op, 442780200.00 ns, 36.8984 ms/op
WorkloadPilot   12: 13 op, 487612000.00 ns, 37.5086 ms/op
WorkloadPilot   13: 14 op, 483440500.00 ns, 34.5315 ms/op
WorkloadPilot   14: 15 op, 528001700.00 ns, 35.2001 ms/op

WorkloadWarmup   1: 15 op, 558447400.00 ns, 37.2298 ms/op
WorkloadWarmup   2: 15 op, 558222700.00 ns, 37.2148 ms/op
WorkloadWarmup   3: 15 op, 534875600.00 ns, 35.6584 ms/op
WorkloadWarmup   4: 15 op, 570475700.00 ns, 38.0317 ms/op
WorkloadWarmup   5: 15 op, 587477900.00 ns, 39.1652 ms/op
WorkloadWarmup   6: 15 op, 570467300.00 ns, 38.0312 ms/op
WorkloadWarmup   7: 15 op, 575758100.00 ns, 38.3839 ms/op
WorkloadWarmup   8: 15 op, 555305700.00 ns, 37.0204 ms/op

// BeforeActualRun
WorkloadActual   1: 15 op, 568180300.00 ns, 37.8787 ms/op
WorkloadActual   2: 15 op, 567726700.00 ns, 37.8484 ms/op
WorkloadActual   3: 15 op, 582292900.00 ns, 38.8195 ms/op
WorkloadActual   4: 15 op, 565930500.00 ns, 37.7287 ms/op
WorkloadActual   5: 15 op, 584602800.00 ns, 38.9735 ms/op
WorkloadActual   6: 15 op, 578786400.00 ns, 38.5858 ms/op
WorkloadActual   7: 15 op, 576862200.00 ns, 38.4575 ms/op
WorkloadActual   8: 15 op, 566293400.00 ns, 37.7529 ms/op
WorkloadActual   9: 15 op, 574973400.00 ns, 38.3316 ms/op
WorkloadActual  10: 15 op, 604229800.00 ns, 40.2820 ms/op
WorkloadActual  11: 15 op, 593320500.00 ns, 39.5547 ms/op
WorkloadActual  12: 15 op, 565137800.00 ns, 37.6759 ms/op
WorkloadActual  13: 15 op, 516710600.00 ns, 34.4474 ms/op
WorkloadActual  14: 15 op, 546856600.00 ns, 36.4571 ms/op
WorkloadActual  15: 15 op, 532366600.00 ns, 35.4911 ms/op
WorkloadActual  16: 15 op, 515892200.00 ns, 34.3928 ms/op
WorkloadActual  17: 15 op, 545172500.00 ns, 36.3448 ms/op
WorkloadActual  18: 15 op, 511591200.00 ns, 34.1061 ms/op
WorkloadActual  19: 15 op, 545378900.00 ns, 36.3586 ms/op
WorkloadActual  20: 15 op, 537996400.00 ns, 35.8664 ms/op
WorkloadActual  21: 15 op, 506672900.00 ns, 33.7782 ms/op
WorkloadActual  22: 15 op, 500320900.00 ns, 33.3547 ms/op
WorkloadActual  23: 15 op, 539433500.00 ns, 35.9622 ms/op
WorkloadActual  24: 15 op, 526031000.00 ns, 35.0687 ms/op
WorkloadActual  25: 15 op, 539146100.00 ns, 35.9431 ms/op
WorkloadActual  26: 15 op, 560091900.00 ns, 37.3395 ms/op
WorkloadActual  27: 15 op, 579637700.00 ns, 38.6425 ms/op
WorkloadActual  28: 15 op, 515465700.00 ns, 34.3644 ms/op
WorkloadActual  29: 15 op, 536899000.00 ns, 35.7933 ms/op
WorkloadActual  30: 15 op, 503656500.00 ns, 33.5771 ms/op
WorkloadActual  31: 15 op, 533545500.00 ns, 35.5697 ms/op
WorkloadActual  32: 15 op, 534206800.00 ns, 35.6138 ms/op
WorkloadActual  33: 15 op, 529461000.00 ns, 35.2974 ms/op
WorkloadActual  34: 15 op, 491234300.00 ns, 32.7490 ms/op
WorkloadActual  35: 15 op, 547285600.00 ns, 36.4857 ms/op
WorkloadActual  36: 15 op, 536881100.00 ns, 35.7921 ms/op
WorkloadActual  37: 15 op, 523776500.00 ns, 34.9184 ms/op
WorkloadActual  38: 15 op, 561331400.00 ns, 37.4221 ms/op
WorkloadActual  39: 15 op, 546105800.00 ns, 36.4071 ms/op
WorkloadActual  40: 15 op, 553643400.00 ns, 36.9096 ms/op
WorkloadActual  41: 15 op, 549557100.00 ns, 36.6371 ms/op
WorkloadActual  42: 15 op, 505387500.00 ns, 33.6925 ms/op
WorkloadActual  43: 15 op, 495030700.00 ns, 33.0020 ms/op
WorkloadActual  44: 15 op, 536532800.00 ns, 35.7689 ms/op
WorkloadActual  45: 15 op, 513440200.00 ns, 34.2293 ms/op
WorkloadActual  46: 15 op, 518677300.00 ns, 34.5785 ms/op
WorkloadActual  47: 15 op, 548231600.00 ns, 36.5488 ms/op
WorkloadActual  48: 15 op, 540524800.00 ns, 36.0350 ms/op
WorkloadActual  49: 15 op, 555222200.00 ns, 37.0148 ms/op
WorkloadActual  50: 15 op, 560831600.00 ns, 37.3888 ms/op
WorkloadActual  51: 15 op, 572473500.00 ns, 38.1649 ms/op
WorkloadActual  52: 15 op, 550873700.00 ns, 36.7249 ms/op
WorkloadActual  53: 15 op, 551714600.00 ns, 36.7810 ms/op
WorkloadActual  54: 15 op, 522675700.00 ns, 34.8450 ms/op
WorkloadActual  55: 15 op, 530984400.00 ns, 35.3990 ms/op
WorkloadActual  56: 15 op, 533760600.00 ns, 35.5840 ms/op
WorkloadActual  57: 15 op, 500195500.00 ns, 33.3464 ms/op
WorkloadActual  58: 15 op, 526144200.00 ns, 35.0763 ms/op
WorkloadActual  59: 15 op, 546193200.00 ns, 36.4129 ms/op
WorkloadActual  60: 15 op, 517933800.00 ns, 34.5289 ms/op
WorkloadActual  61: 15 op, 567669600.00 ns, 37.8446 ms/op
WorkloadActual  62: 15 op, 556719600.00 ns, 37.1146 ms/op
WorkloadActual  63: 15 op, 535934000.00 ns, 35.7289 ms/op
WorkloadActual  64: 15 op, 555634400.00 ns, 37.0423 ms/op
WorkloadActual  65: 15 op, 532933700.00 ns, 35.5289 ms/op

// AfterActualRun
WorkloadResult   1: 15 op, 568180300.00 ns, 37.8787 ms/op
WorkloadResult   2: 15 op, 567726700.00 ns, 37.8484 ms/op
WorkloadResult   3: 15 op, 582292900.00 ns, 38.8195 ms/op
WorkloadResult   4: 15 op, 565930500.00 ns, 37.7287 ms/op
WorkloadResult   5: 15 op, 584602800.00 ns, 38.9735 ms/op
WorkloadResult   6: 15 op, 578786400.00 ns, 38.5858 ms/op
WorkloadResult   7: 15 op, 576862200.00 ns, 38.4575 ms/op
WorkloadResult   8: 15 op, 566293400.00 ns, 37.7529 ms/op
WorkloadResult   9: 15 op, 574973400.00 ns, 38.3316 ms/op
WorkloadResult  10: 15 op, 604229800.00 ns, 40.2820 ms/op
WorkloadResult  11: 15 op, 593320500.00 ns, 39.5547 ms/op
WorkloadResult  12: 15 op, 565137800.00 ns, 37.6759 ms/op
WorkloadResult  13: 15 op, 516710600.00 ns, 34.4474 ms/op
WorkloadResult  14: 15 op, 546856600.00 ns, 36.4571 ms/op
WorkloadResult  15: 15 op, 532366600.00 ns, 35.4911 ms/op
WorkloadResult  16: 15 op, 515892200.00 ns, 34.3928 ms/op
WorkloadResult  17: 15 op, 545172500.00 ns, 36.3448 ms/op
WorkloadResult  18: 15 op, 511591200.00 ns, 34.1061 ms/op
WorkloadResult  19: 15 op, 545378900.00 ns, 36.3586 ms/op
WorkloadResult  20: 15 op, 537996400.00 ns, 35.8664 ms/op
WorkloadResult  21: 15 op, 506672900.00 ns, 33.7782 ms/op
WorkloadResult  22: 15 op, 500320900.00 ns, 33.3547 ms/op
WorkloadResult  23: 15 op, 539433500.00 ns, 35.9622 ms/op
WorkloadResult  24: 15 op, 526031000.00 ns, 35.0687 ms/op
WorkloadResult  25: 15 op, 539146100.00 ns, 35.9431 ms/op
WorkloadResult  26: 15 op, 560091900.00 ns, 37.3395 ms/op
WorkloadResult  27: 15 op, 579637700.00 ns, 38.6425 ms/op
WorkloadResult  28: 15 op, 515465700.00 ns, 34.3644 ms/op
WorkloadResult  29: 15 op, 536899000.00 ns, 35.7933 ms/op
WorkloadResult  30: 15 op, 503656500.00 ns, 33.5771 ms/op
WorkloadResult  31: 15 op, 533545500.00 ns, 35.5697 ms/op
WorkloadResult  32: 15 op, 534206800.00 ns, 35.6138 ms/op
WorkloadResult  33: 15 op, 529461000.00 ns, 35.2974 ms/op
WorkloadResult  34: 15 op, 491234300.00 ns, 32.7490 ms/op
WorkloadResult  35: 15 op, 547285600.00 ns, 36.4857 ms/op
WorkloadResult  36: 15 op, 536881100.00 ns, 35.7921 ms/op
WorkloadResult  37: 15 op, 523776500.00 ns, 34.9184 ms/op
WorkloadResult  38: 15 op, 561331400.00 ns, 37.4221 ms/op
WorkloadResult  39: 15 op, 546105800.00 ns, 36.4071 ms/op
WorkloadResult  40: 15 op, 553643400.00 ns, 36.9096 ms/op
WorkloadResult  41: 15 op, 549557100.00 ns, 36.6371 ms/op
WorkloadResult  42: 15 op, 505387500.00 ns, 33.6925 ms/op
WorkloadResult  43: 15 op, 495030700.00 ns, 33.0020 ms/op
WorkloadResult  44: 15 op, 536532800.00 ns, 35.7689 ms/op
WorkloadResult  45: 15 op, 513440200.00 ns, 34.2293 ms/op
WorkloadResult  46: 15 op, 518677300.00 ns, 34.5785 ms/op
WorkloadResult  47: 15 op, 548231600.00 ns, 36.5488 ms/op
WorkloadResult  48: 15 op, 540524800.00 ns, 36.0350 ms/op
WorkloadResult  49: 15 op, 555222200.00 ns, 37.0148 ms/op
WorkloadResult  50: 15 op, 560831600.00 ns, 37.3888 ms/op
WorkloadResult  51: 15 op, 572473500.00 ns, 38.1649 ms/op
WorkloadResult  52: 15 op, 550873700.00 ns, 36.7249 ms/op
WorkloadResult  53: 15 op, 551714600.00 ns, 36.7810 ms/op
WorkloadResult  54: 15 op, 522675700.00 ns, 34.8450 ms/op
WorkloadResult  55: 15 op, 530984400.00 ns, 35.3990 ms/op
WorkloadResult  56: 15 op, 533760600.00 ns, 35.5840 ms/op
WorkloadResult  57: 15 op, 500195500.00 ns, 33.3464 ms/op
WorkloadResult  58: 15 op, 526144200.00 ns, 35.0763 ms/op
WorkloadResult  59: 15 op, 546193200.00 ns, 36.4129 ms/op
WorkloadResult  60: 15 op, 517933800.00 ns, 34.5289 ms/op
WorkloadResult  61: 15 op, 567669600.00 ns, 37.8446 ms/op
WorkloadResult  62: 15 op, 556719600.00 ns, 37.1146 ms/op
WorkloadResult  63: 15 op, 535934000.00 ns, 35.7289 ms/op
WorkloadResult  64: 15 op, 555634400.00 ns, 37.0423 ms/op
WorkloadResult  65: 15 op, 532933700.00 ns, 35.5289 ms/op
// GC:  14 11 2 210617776 15
// Threading:  0 0 15

// AfterAll
// Benchmark Process 27336 has exited with code 0.

Mean = 36.175 ms, StdErr = 0.209 ms (0.58%), N = 65, StdDev = 1.687 ms
Min = 32.749 ms, Q1 = 35.069 ms, Median = 36.035 ms, Q3 = 37.389 ms, Max = 40.282 ms
IQR = 2.320 ms, LowerFence = 31.589 ms, UpperFence = 40.869 ms
ConfidenceInterval = [35.453 ms; 36.897 ms] (CI 99.9%), Margin = 0.722 ms (2.00% of Mean)
Skewness = 0.08, Kurtosis = 2.43, MValue = 2

// ** Remained 4 (80.0%) benchmark(s) to run. Estimated finish 2026-08-28 13:39 (0h 3m from now) **
Setup power plan (GUID: 8c5e7fda-e8bf-4a96-9a85-a6e23a8c635c FriendlyName: High performance)
// **************************
// Benchmark: PlanningBenchmarks.'100K packages, 240 trips, greedy + local search': DefaultJob
// *** Execute ***
// Launch: 1 / 1
// Execute: dotnet 1c76ca73-b970-4c0d-9e93-1860e953f7ad.dll --anonymousPipes 1064 1268 --benchmarkName AlzaLogistics.Benchmarks.PlanningBenchmarks.Plan_100K_WithLocalSearch --job Default --benchmarkId 1 in D:\Work\Coding\a-be-sql-dev-quest\dotnet\tests\AlzaLogistics.Benchmarks\bin\Release\net10.0\1c76ca73-b970-4c0d-9e93-1860e953f7ad\bin\Release\net10.0
// BeforeAnythingElse

// Benchmark Process Environment Information:
// BenchmarkDotNet v0.14.0
// Runtime=.NET 10.0.11 (10.0.1126.37416), X64 RyuJIT AVX2
// GC=Concurrent Workstation
// HardwareIntrinsics=AVX2,AES,BMI1,BMI2,FMA,LZCNT,PCLMUL,POPCNT VectorSize=256
// Job: DefaultJob

OverheadJitting  1: 1 op, 481700.00 ns, 481.7000 us/op
WorkloadJitting  1: 1 op, 178184900.00 ns, 178.1849 ms/op

WorkloadPilot    1: 2 op, 295392000.00 ns, 147.6960 ms/op
WorkloadPilot    2: 3 op, 391541600.00 ns, 130.5139 ms/op
WorkloadPilot    3: 4 op, 523568900.00 ns, 130.8922 ms/op

WorkloadWarmup   1: 4 op, 521413300.00 ns, 130.3533 ms/op
WorkloadWarmup   2: 4 op, 521863700.00 ns, 130.4659 ms/op
WorkloadWarmup   3: 4 op, 520211500.00 ns, 130.0529 ms/op
WorkloadWarmup   4: 4 op, 524478600.00 ns, 131.1197 ms/op
WorkloadWarmup   5: 4 op, 522424200.00 ns, 130.6061 ms/op
WorkloadWarmup   6: 4 op, 539617400.00 ns, 134.9044 ms/op

// BeforeActualRun
WorkloadActual   1: 4 op, 516556100.00 ns, 129.1390 ms/op
WorkloadActual   2: 4 op, 525463400.00 ns, 131.3659 ms/op
WorkloadActual   3: 4 op, 520589600.00 ns, 130.1474 ms/op
WorkloadActual   4: 4 op, 522843600.00 ns, 130.7109 ms/op
WorkloadActual   5: 4 op, 534327200.00 ns, 133.5818 ms/op
WorkloadActual   6: 4 op, 516584200.00 ns, 129.1461 ms/op
WorkloadActual   7: 4 op, 519881900.00 ns, 129.9705 ms/op
WorkloadActual   8: 4 op, 570036700.00 ns, 142.5092 ms/op
WorkloadActual   9: 4 op, 549597400.00 ns, 137.3994 ms/op
WorkloadActual  10: 4 op, 549102100.00 ns, 137.2755 ms/op
WorkloadActual  11: 4 op, 540186600.00 ns, 135.0467 ms/op
WorkloadActual  12: 4 op, 543752500.00 ns, 135.9381 ms/op
WorkloadActual  13: 4 op, 543818200.00 ns, 135.9546 ms/op
WorkloadActual  14: 4 op, 581846300.00 ns, 145.4616 ms/op
WorkloadActual  15: 4 op, 544778800.00 ns, 136.1947 ms/op
WorkloadActual  16: 4 op, 542249200.00 ns, 135.5623 ms/op
WorkloadActual  17: 4 op, 551603800.00 ns, 137.9010 ms/op
WorkloadActual  18: 4 op, 558502600.00 ns, 139.6257 ms/op
WorkloadActual  19: 4 op, 547783500.00 ns, 136.9459 ms/op
WorkloadActual  20: 4 op, 542299400.00 ns, 135.5749 ms/op
WorkloadActual  21: 4 op, 535900000.00 ns, 133.9750 ms/op
WorkloadActual  22: 4 op, 538355700.00 ns, 134.5889 ms/op
WorkloadActual  23: 4 op, 537533400.00 ns, 134.3834 ms/op
WorkloadActual  24: 4 op, 551880500.00 ns, 137.9701 ms/op
WorkloadActual  25: 4 op, 544734100.00 ns, 136.1835 ms/op

// AfterActualRun
WorkloadResult   1: 4 op, 516556100.00 ns, 129.1390 ms/op
WorkloadResult   2: 4 op, 525463400.00 ns, 131.3659 ms/op
WorkloadResult   3: 4 op, 520589600.00 ns, 130.1474 ms/op
WorkloadResult   4: 4 op, 522843600.00 ns, 130.7109 ms/op
WorkloadResult   5: 4 op, 534327200.00 ns, 133.5818 ms/op
WorkloadResult   6: 4 op, 516584200.00 ns, 129.1461 ms/op
WorkloadResult   7: 4 op, 519881900.00 ns, 129.9705 ms/op
WorkloadResult   8: 4 op, 570036700.00 ns, 142.5092 ms/op
WorkloadResult   9: 4 op, 549597400.00 ns, 137.3994 ms/op
WorkloadResult  10: 4 op, 549102100.00 ns, 137.2755 ms/op
WorkloadResult  11: 4 op, 540186600.00 ns, 135.0467 ms/op
WorkloadResult  12: 4 op, 543752500.00 ns, 135.9381 ms/op
WorkloadResult  13: 4 op, 543818200.00 ns, 135.9546 ms/op
WorkloadResult  14: 4 op, 544778800.00 ns, 136.1947 ms/op
WorkloadResult  15: 4 op, 542249200.00 ns, 135.5623 ms/op
WorkloadResult  16: 4 op, 551603800.00 ns, 137.9010 ms/op
WorkloadResult  17: 4 op, 558502600.00 ns, 139.6257 ms/op
WorkloadResult  18: 4 op, 547783500.00 ns, 136.9459 ms/op
WorkloadResult  19: 4 op, 542299400.00 ns, 135.5749 ms/op
WorkloadResult  20: 4 op, 535900000.00 ns, 133.9750 ms/op
WorkloadResult  21: 4 op, 538355700.00 ns, 134.5889 ms/op
WorkloadResult  22: 4 op, 537533400.00 ns, 134.3834 ms/op
WorkloadResult  23: 4 op, 551880500.00 ns, 137.9701 ms/op
WorkloadResult  24: 4 op, 544734100.00 ns, 136.1835 ms/op
// GC:  62 6 2 351203376 4
// Threading:  0 0 4

// AfterAll
// Benchmark Process 11580 has exited with code 0.

Mean = 134.879 ms, StdErr = 0.696 ms (0.52%), N = 24, StdDev = 3.409 ms
Min = 129.139 ms, Q1 = 133.028 ms, Median = 135.569 ms, Q3 = 137.028 ms, Max = 142.509 ms
IQR = 4.000 ms, LowerFence = 127.027 ms, UpperFence = 143.029 ms
ConfidenceInterval = [132.257 ms; 137.501 ms] (CI 99.9%), Margin = 2.622 ms (1.94% of Mean)
Skewness = -0.07, Kurtosis = 2.43, MValue = 2.33

// ** Remained 3 (60.0%) benchmark(s) to run. Estimated finish 2026-08-28 13:38 (0h 1m from now) **
Setup power plan (GUID: 8c5e7fda-e8bf-4a96-9a85-a6e23a8c635c FriendlyName: High performance)
// **************************
// Benchmark: PlanningBenchmarks.'250K packages, 240 trips, greedy only': DefaultJob
// *** Execute ***
// Launch: 1 / 1
// Execute: dotnet 1c76ca73-b970-4c0d-9e93-1860e953f7ad.dll --anonymousPipes 1288 1244 --benchmarkName AlzaLogistics.Benchmarks.PlanningBenchmarks.Plan_250K_GreedyOnly --job Default --benchmarkId 2 in D:\Work\Coding\a-be-sql-dev-quest\dotnet\tests\AlzaLogistics.Benchmarks\bin\Release\net10.0\1c76ca73-b970-4c0d-9e93-1860e953f7ad\bin\Release\net10.0
// BeforeAnythingElse

// Benchmark Process Environment Information:
// BenchmarkDotNet v0.14.0
// Runtime=.NET 10.0.11 (10.0.1126.37416), X64 RyuJIT AVX2
// GC=Concurrent Workstation
// HardwareIntrinsics=AVX2,AES,BMI1,BMI2,FMA,LZCNT,PCLMUL,POPCNT VectorSize=256
// Job: DefaultJob

OverheadJitting  1: 1 op, 424900.00 ns, 424.9000 us/op
WorkloadJitting  1: 1 op, 191321700.00 ns, 191.3217 ms/op

WorkloadPilot    1: 2 op, 258599700.00 ns, 129.2999 ms/op
WorkloadPilot    2: 3 op, 277615600.00 ns, 92.5385 ms/op
WorkloadPilot    3: 4 op, 364078000.00 ns, 91.0195 ms/op
WorkloadPilot    4: 5 op, 443626400.00 ns, 88.7253 ms/op
WorkloadPilot    5: 6 op, 523108300.00 ns, 87.1847 ms/op

WorkloadWarmup   1: 6 op, 538729100.00 ns, 89.7882 ms/op
WorkloadWarmup   2: 6 op, 546563300.00 ns, 91.0939 ms/op
WorkloadWarmup   3: 6 op, 624872500.00 ns, 104.1454 ms/op
WorkloadWarmup   4: 6 op, 562225800.00 ns, 93.7043 ms/op
WorkloadWarmup   5: 6 op, 587637100.00 ns, 97.9395 ms/op
WorkloadWarmup   6: 6 op, 577585200.00 ns, 96.2642 ms/op

// BeforeActualRun
WorkloadActual   1: 6 op, 596719800.00 ns, 99.4533 ms/op
WorkloadActual   2: 6 op, 648366800.00 ns, 108.0611 ms/op
WorkloadActual   3: 6 op, 651024200.00 ns, 108.5040 ms/op
WorkloadActual   4: 6 op, 634918600.00 ns, 105.8198 ms/op
WorkloadActual   5: 6 op, 670333500.00 ns, 111.7223 ms/op
WorkloadActual   6: 6 op, 676002500.00 ns, 112.6671 ms/op
WorkloadActual   7: 6 op, 643160800.00 ns, 107.1935 ms/op
WorkloadActual   8: 6 op, 648779700.00 ns, 108.1300 ms/op
WorkloadActual   9: 6 op, 665992400.00 ns, 110.9987 ms/op
WorkloadActual  10: 6 op, 699601200.00 ns, 116.6002 ms/op
WorkloadActual  11: 6 op, 681191100.00 ns, 113.5319 ms/op
WorkloadActual  12: 6 op, 697596100.00 ns, 116.2660 ms/op
WorkloadActual  13: 6 op, 691696300.00 ns, 115.2827 ms/op
WorkloadActual  14: 6 op, 683052200.00 ns, 113.8420 ms/op
WorkloadActual  15: 6 op, 651681300.00 ns, 108.6136 ms/op
WorkloadActual  16: 6 op, 656343600.00 ns, 109.3906 ms/op
WorkloadActual  17: 6 op, 652253400.00 ns, 108.7089 ms/op
WorkloadActual  18: 6 op, 683237800.00 ns, 113.8730 ms/op
WorkloadActual  19: 6 op, 665921300.00 ns, 110.9869 ms/op
WorkloadActual  20: 6 op, 673200100.00 ns, 112.2000 ms/op
WorkloadActual  21: 6 op, 667413800.00 ns, 111.2356 ms/op
WorkloadActual  22: 6 op, 674511800.00 ns, 112.4186 ms/op
WorkloadActual  23: 6 op, 663845500.00 ns, 110.6409 ms/op
WorkloadActual  24: 6 op, 679453000.00 ns, 113.2422 ms/op
WorkloadActual  25: 6 op, 614071100.00 ns, 102.3452 ms/op
WorkloadActual  26: 6 op, 648995700.00 ns, 108.1660 ms/op
WorkloadActual  27: 6 op, 646621400.00 ns, 107.7702 ms/op
WorkloadActual  28: 6 op, 644987700.00 ns, 107.4980 ms/op
WorkloadActual  29: 6 op, 626503600.00 ns, 104.4173 ms/op
WorkloadActual  30: 6 op, 662708700.00 ns, 110.4515 ms/op
WorkloadActual  31: 6 op, 657646500.00 ns, 109.6078 ms/op
WorkloadActual  32: 6 op, 671534400.00 ns, 111.9224 ms/op
WorkloadActual  33: 6 op, 686578300.00 ns, 114.4297 ms/op
WorkloadActual  34: 6 op, 672865500.00 ns, 112.1443 ms/op
WorkloadActual  35: 6 op, 679543500.00 ns, 113.2573 ms/op
WorkloadActual  36: 6 op, 684923300.00 ns, 114.1539 ms/op
WorkloadActual  37: 6 op, 643860800.00 ns, 107.3101 ms/op

// AfterActualRun
WorkloadResult   1: 6 op, 596719800.00 ns, 99.4533 ms/op
WorkloadResult   2: 6 op, 648366800.00 ns, 108.0611 ms/op
WorkloadResult   3: 6 op, 651024200.00 ns, 108.5040 ms/op
WorkloadResult   4: 6 op, 634918600.00 ns, 105.8198 ms/op
WorkloadResult   5: 6 op, 670333500.00 ns, 111.7223 ms/op
WorkloadResult   6: 6 op, 676002500.00 ns, 112.6671 ms/op
WorkloadResult   7: 6 op, 643160800.00 ns, 107.1935 ms/op
WorkloadResult   8: 6 op, 648779700.00 ns, 108.1300 ms/op
WorkloadResult   9: 6 op, 665992400.00 ns, 110.9987 ms/op
WorkloadResult  10: 6 op, 699601200.00 ns, 116.6002 ms/op
WorkloadResult  11: 6 op, 681191100.00 ns, 113.5319 ms/op
WorkloadResult  12: 6 op, 697596100.00 ns, 116.2660 ms/op
WorkloadResult  13: 6 op, 691696300.00 ns, 115.2827 ms/op
WorkloadResult  14: 6 op, 683052200.00 ns, 113.8420 ms/op
WorkloadResult  15: 6 op, 651681300.00 ns, 108.6136 ms/op
WorkloadResult  16: 6 op, 656343600.00 ns, 109.3906 ms/op
WorkloadResult  17: 6 op, 652253400.00 ns, 108.7089 ms/op
WorkloadResult  18: 6 op, 683237800.00 ns, 113.8730 ms/op
WorkloadResult  19: 6 op, 665921300.00 ns, 110.9869 ms/op
WorkloadResult  20: 6 op, 673200100.00 ns, 112.2000 ms/op
WorkloadResult  21: 6 op, 667413800.00 ns, 111.2356 ms/op
WorkloadResult  22: 6 op, 674511800.00 ns, 112.4186 ms/op
WorkloadResult  23: 6 op, 663845500.00 ns, 110.6409 ms/op
WorkloadResult  24: 6 op, 679453000.00 ns, 113.2422 ms/op
WorkloadResult  25: 6 op, 614071100.00 ns, 102.3452 ms/op
WorkloadResult  26: 6 op, 648995700.00 ns, 108.1660 ms/op
WorkloadResult  27: 6 op, 646621400.00 ns, 107.7702 ms/op
WorkloadResult  28: 6 op, 644987700.00 ns, 107.4980 ms/op
WorkloadResult  29: 6 op, 626503600.00 ns, 104.4173 ms/op
WorkloadResult  30: 6 op, 662708700.00 ns, 110.4515 ms/op
WorkloadResult  31: 6 op, 657646500.00 ns, 109.6078 ms/op
WorkloadResult  32: 6 op, 671534400.00 ns, 111.9224 ms/op
WorkloadResult  33: 6 op, 686578300.00 ns, 114.4297 ms/op
WorkloadResult  34: 6 op, 672865500.00 ns, 112.1443 ms/op
WorkloadResult  35: 6 op, 679543500.00 ns, 113.2573 ms/op
WorkloadResult  36: 6 op, 684923300.00 ns, 114.1539 ms/op
WorkloadResult  37: 6 op, 643860800.00 ns, 107.3101 ms/op
// GC:  11 6 3 245266616 6
// Threading:  0 0 6

// AfterAll
// Benchmark Process 18712 has exited with code 0.

Mean = 110.347 ms, StdErr = 0.614 ms (0.56%), N = 37, StdDev = 3.732 ms
Min = 99.453 ms, Q1 = 108.130 ms, Median = 110.987 ms, Q3 = 113.242 ms, Max = 116.600 ms
IQR = 5.112 ms, LowerFence = 100.462 ms, UpperFence = 120.910 ms
ConfidenceInterval = [108.150 ms; 112.545 ms] (CI 99.9%), Margin = 2.198 ms (1.99% of Mean)
Skewness = -0.7, Kurtosis = 3.44, MValue = 2

// ** Remained 2 (40.0%) benchmark(s) to run. Estimated finish 2026-08-28 13:38 (0h 1m from now) **
Setup power plan (GUID: 8c5e7fda-e8bf-4a96-9a85-a6e23a8c635c FriendlyName: High performance)
// **************************
// Benchmark: PlanningBenchmarks.'500K packages, 240 trips, greedy only': DefaultJob
// *** Execute ***
// Launch: 1 / 1
// Execute: dotnet 1c76ca73-b970-4c0d-9e93-1860e953f7ad.dll --anonymousPipes 1288 1184 --benchmarkName AlzaLogistics.Benchmarks.PlanningBenchmarks.Plan_500K_GreedyOnly --job Default --benchmarkId 3 in D:\Work\Coding\a-be-sql-dev-quest\dotnet\tests\AlzaLogistics.Benchmarks\bin\Release\net10.0\1c76ca73-b970-4c0d-9e93-1860e953f7ad\bin\Release\net10.0
// BeforeAnythingElse

// Benchmark Process Environment Information:
// BenchmarkDotNet v0.14.0
// Runtime=.NET 10.0.11 (10.0.1126.37416), X64 RyuJIT AVX2
// GC=Concurrent Workstation
// HardwareIntrinsics=AVX2,AES,BMI1,BMI2,FMA,LZCNT,PCLMUL,POPCNT VectorSize=256
// Job: DefaultJob

OverheadJitting  1: 1 op, 451200.00 ns, 451.2000 us/op
WorkloadJitting  1: 1 op, 361040100.00 ns, 361.0401 ms/op

OverheadJitting  2: 1 op, 600.00 ns, 600.0000 ns/op
WorkloadJitting  2: 1 op, 352205900.00 ns, 352.2059 ms/op

WorkloadWarmup   1: 1 op, 369762500.00 ns, 369.7625 ms/op
WorkloadWarmup   2: 1 op, 215958900.00 ns, 215.9589 ms/op
WorkloadWarmup   3: 1 op, 238362700.00 ns, 238.3627 ms/op
WorkloadWarmup   4: 1 op, 229585600.00 ns, 229.5856 ms/op
WorkloadWarmup   5: 1 op, 216479700.00 ns, 216.4797 ms/op
WorkloadWarmup   6: 1 op, 212384200.00 ns, 212.3842 ms/op
WorkloadWarmup   7: 1 op, 206411500.00 ns, 206.4115 ms/op
WorkloadWarmup   8: 1 op, 204733300.00 ns, 204.7333 ms/op
WorkloadWarmup   9: 1 op, 210608100.00 ns, 210.6081 ms/op
WorkloadWarmup  10: 1 op, 210336600.00 ns, 210.3366 ms/op

// BeforeActualRun
WorkloadActual   1: 1 op, 207268000.00 ns, 207.2680 ms/op
WorkloadActual   2: 1 op, 215829300.00 ns, 215.8293 ms/op
WorkloadActual   3: 1 op, 216522300.00 ns, 216.5223 ms/op
WorkloadActual   4: 1 op, 212685600.00 ns, 212.6856 ms/op
WorkloadActual   5: 1 op, 215755700.00 ns, 215.7557 ms/op
WorkloadActual   6: 1 op, 214557300.00 ns, 214.5573 ms/op
WorkloadActual   7: 1 op, 200914700.00 ns, 200.9147 ms/op
WorkloadActual   8: 1 op, 218024000.00 ns, 218.0240 ms/op
WorkloadActual   9: 1 op, 220817900.00 ns, 220.8179 ms/op
WorkloadActual  10: 1 op, 217310200.00 ns, 217.3102 ms/op
WorkloadActual  11: 1 op, 203157900.00 ns, 203.1579 ms/op
WorkloadActual  12: 1 op, 205845900.00 ns, 205.8459 ms/op
WorkloadActual  13: 1 op, 206062100.00 ns, 206.0621 ms/op
WorkloadActual  14: 1 op, 205052500.00 ns, 205.0525 ms/op
WorkloadActual  15: 1 op, 204190900.00 ns, 204.1909 ms/op
WorkloadActual  16: 1 op, 207633400.00 ns, 207.6334 ms/op
WorkloadActual  17: 1 op, 216245300.00 ns, 216.2453 ms/op
WorkloadActual  18: 1 op, 209349500.00 ns, 209.3495 ms/op
WorkloadActual  19: 1 op, 203454100.00 ns, 203.4541 ms/op
WorkloadActual  20: 1 op, 207054500.00 ns, 207.0545 ms/op
WorkloadActual  21: 1 op, 227245300.00 ns, 227.2453 ms/op
WorkloadActual  22: 1 op, 207777900.00 ns, 207.7779 ms/op
WorkloadActual  23: 1 op, 209596800.00 ns, 209.5968 ms/op
WorkloadActual  24: 1 op, 224550600.00 ns, 224.5506 ms/op
WorkloadActual  25: 1 op, 207476800.00 ns, 207.4768 ms/op
WorkloadActual  26: 1 op, 203667800.00 ns, 203.6678 ms/op
WorkloadActual  27: 1 op, 207205700.00 ns, 207.2057 ms/op
WorkloadActual  28: 1 op, 200796000.00 ns, 200.7960 ms/op
WorkloadActual  29: 1 op, 207685700.00 ns, 207.6857 ms/op
WorkloadActual  30: 1 op, 205576700.00 ns, 205.5767 ms/op
WorkloadActual  31: 1 op, 199042400.00 ns, 199.0424 ms/op
WorkloadActual  32: 1 op, 216221500.00 ns, 216.2215 ms/op
WorkloadActual  33: 1 op, 202973600.00 ns, 202.9736 ms/op
WorkloadActual  34: 1 op, 210121700.00 ns, 210.1217 ms/op
WorkloadActual  35: 1 op, 218963900.00 ns, 218.9639 ms/op
WorkloadActual  36: 1 op, 208325700.00 ns, 208.3257 ms/op

// AfterActualRun
WorkloadResult   1: 1 op, 207268000.00 ns, 207.2680 ms/op
WorkloadResult   2: 1 op, 215829300.00 ns, 215.8293 ms/op
WorkloadResult   3: 1 op, 216522300.00 ns, 216.5223 ms/op
WorkloadResult   4: 1 op, 212685600.00 ns, 212.6856 ms/op
WorkloadResult   5: 1 op, 215755700.00 ns, 215.7557 ms/op
WorkloadResult   6: 1 op, 214557300.00 ns, 214.5573 ms/op
WorkloadResult   7: 1 op, 200914700.00 ns, 200.9147 ms/op
WorkloadResult   8: 1 op, 218024000.00 ns, 218.0240 ms/op
WorkloadResult   9: 1 op, 220817900.00 ns, 220.8179 ms/op
WorkloadResult  10: 1 op, 217310200.00 ns, 217.3102 ms/op
WorkloadResult  11: 1 op, 203157900.00 ns, 203.1579 ms/op
WorkloadResult  12: 1 op, 205845900.00 ns, 205.8459 ms/op
WorkloadResult  13: 1 op, 206062100.00 ns, 206.0621 ms/op
WorkloadResult  14: 1 op, 205052500.00 ns, 205.0525 ms/op
WorkloadResult  15: 1 op, 204190900.00 ns, 204.1909 ms/op
WorkloadResult  16: 1 op, 207633400.00 ns, 207.6334 ms/op
WorkloadResult  17: 1 op, 216245300.00 ns, 216.2453 ms/op
WorkloadResult  18: 1 op, 209349500.00 ns, 209.3495 ms/op
WorkloadResult  19: 1 op, 203454100.00 ns, 203.4541 ms/op
WorkloadResult  20: 1 op, 207054500.00 ns, 207.0545 ms/op
WorkloadResult  21: 1 op, 227245300.00 ns, 227.2453 ms/op
WorkloadResult  22: 1 op, 207777900.00 ns, 207.7779 ms/op
WorkloadResult  23: 1 op, 209596800.00 ns, 209.5968 ms/op
WorkloadResult  24: 1 op, 224550600.00 ns, 224.5506 ms/op
WorkloadResult  25: 1 op, 207476800.00 ns, 207.4768 ms/op
WorkloadResult  26: 1 op, 203667800.00 ns, 203.6678 ms/op
WorkloadResult  27: 1 op, 207205700.00 ns, 207.2057 ms/op
WorkloadResult  28: 1 op, 200796000.00 ns, 200.7960 ms/op
WorkloadResult  29: 1 op, 207685700.00 ns, 207.6857 ms/op
WorkloadResult  30: 1 op, 205576700.00 ns, 205.5767 ms/op
WorkloadResult  31: 1 op, 199042400.00 ns, 199.0424 ms/op
WorkloadResult  32: 1 op, 216221500.00 ns, 216.2215 ms/op
WorkloadResult  33: 1 op, 202973600.00 ns, 202.9736 ms/op
WorkloadResult  34: 1 op, 210121700.00 ns, 210.1217 ms/op
WorkloadResult  35: 1 op, 218963900.00 ns, 218.9639 ms/op
WorkloadResult  36: 1 op, 208325700.00 ns, 208.3257 ms/op
// GC:  1 0 0 78814640 1
// Threading:  0 0 1

// AfterAll
// Benchmark Process 9072 has exited with code 0.

Mean = 210.138 ms, StdErr = 1.150 ms (0.55%), N = 36, StdDev = 6.898 ms
Min = 199.042 ms, Q1 = 205.446 ms, Median = 207.732 ms, Q3 = 215.927 ms, Max = 227.245 ms
IQR = 10.482 ms, LowerFence = 189.723 ms, UpperFence = 231.650 ms
ConfidenceInterval = [206.009 ms; 214.267 ms] (CI 99.9%), Margin = 4.129 ms (1.96% of Mean)
Skewness = 0.59, Kurtosis = 2.5, MValue = 2.59

// ** Remained 1 (20.0%) benchmark(s) to run. Estimated finish 2026-08-28 13:38 (0h 0m from now) **
Setup power plan (GUID: 8c5e7fda-e8bf-4a96-9a85-a6e23a8c635c FriendlyName: High performance)
// **************************
// Benchmark: PlanningBenchmarks.'100K packages, 240 trips, round-robin (Low Demand)': DefaultJob
// *** Execute ***
// Launch: 1 / 1
// Execute: dotnet 1c76ca73-b970-4c0d-9e93-1860e953f7ad.dll --anonymousPipes 1316 1248 --benchmarkName AlzaLogistics.Benchmarks.PlanningBenchmarks.Plan_100K_LowDemand --job Default --benchmarkId 4 in D:\Work\Coding\a-be-sql-dev-quest\dotnet\tests\AlzaLogistics.Benchmarks\bin\Release\net10.0\1c76ca73-b970-4c0d-9e93-1860e953f7ad\bin\Release\net10.0
// BeforeAnythingElse

// Benchmark Process Environment Information:
// BenchmarkDotNet v0.14.0
// Runtime=.NET 10.0.11 (10.0.1126.37416), X64 RyuJIT AVX2
// GC=Concurrent Workstation
// HardwareIntrinsics=AVX2,AES,BMI1,BMI2,FMA,LZCNT,PCLMUL,POPCNT VectorSize=256
// Job: DefaultJob

OverheadJitting  1: 1 op, 617600.00 ns, 617.6000 us/op
WorkloadJitting  1: 1 op, 90358200.00 ns, 90.3582 ms/op

WorkloadPilot    1: 2 op, 165804700.00 ns, 82.9024 ms/op
WorkloadPilot    2: 3 op, 252344100.00 ns, 84.1147 ms/op
WorkloadPilot    3: 4 op, 338482200.00 ns, 84.6206 ms/op
WorkloadPilot    4: 5 op, 424586300.00 ns, 84.9173 ms/op
WorkloadPilot    5: 6 op, 516530400.00 ns, 86.0884 ms/op

WorkloadWarmup   1: 6 op, 581591700.00 ns, 96.9320 ms/op
WorkloadWarmup   2: 6 op, 517827600.00 ns, 86.3046 ms/op
WorkloadWarmup   3: 6 op, 531670700.00 ns, 88.6118 ms/op
WorkloadWarmup   4: 6 op, 551335600.00 ns, 91.8893 ms/op
WorkloadWarmup   5: 6 op, 543160900.00 ns, 90.5268 ms/op
WorkloadWarmup   6: 6 op, 556238100.00 ns, 92.7064 ms/op
WorkloadWarmup   7: 6 op, 541576100.00 ns, 90.2627 ms/op

// BeforeActualRun
WorkloadActual   1: 6 op, 553880700.00 ns, 92.3135 ms/op
WorkloadActual   2: 6 op, 552395600.00 ns, 92.0659 ms/op
WorkloadActual   3: 6 op, 645219500.00 ns, 107.5366 ms/op
WorkloadActual   4: 6 op, 609059200.00 ns, 101.5099 ms/op
WorkloadActual   5: 6 op, 620918900.00 ns, 103.4865 ms/op
WorkloadActual   6: 6 op, 683935100.00 ns, 113.9892 ms/op
WorkloadActual   7: 6 op, 631326400.00 ns, 105.2211 ms/op
WorkloadActual   8: 6 op, 665456600.00 ns, 110.9094 ms/op
WorkloadActual   9: 6 op, 682658900.00 ns, 113.7765 ms/op
WorkloadActual  10: 6 op, 676150700.00 ns, 112.6918 ms/op
WorkloadActual  11: 6 op, 681794200.00 ns, 113.6324 ms/op
WorkloadActual  12: 6 op, 675488900.00 ns, 112.5815 ms/op
WorkloadActual  13: 6 op, 620852800.00 ns, 103.4755 ms/op
WorkloadActual  14: 6 op, 548738500.00 ns, 91.4564 ms/op
WorkloadActual  15: 6 op, 538312000.00 ns, 89.7187 ms/op
WorkloadActual  16: 6 op, 502123700.00 ns, 83.6873 ms/op
WorkloadActual  17: 6 op, 494557900.00 ns, 82.4263 ms/op
WorkloadActual  18: 6 op, 523078000.00 ns, 87.1797 ms/op
WorkloadActual  19: 6 op, 515708000.00 ns, 85.9513 ms/op
WorkloadActual  20: 6 op, 504198300.00 ns, 84.0331 ms/op
WorkloadActual  21: 6 op, 516282800.00 ns, 86.0471 ms/op
WorkloadActual  22: 6 op, 508796100.00 ns, 84.7994 ms/op
WorkloadActual  23: 6 op, 531559900.00 ns, 88.5933 ms/op
WorkloadActual  24: 6 op, 545164400.00 ns, 90.8607 ms/op
WorkloadActual  25: 6 op, 517599300.00 ns, 86.2666 ms/op
WorkloadActual  26: 6 op, 508758700.00 ns, 84.7931 ms/op
WorkloadActual  27: 6 op, 524780800.00 ns, 87.4635 ms/op
WorkloadActual  28: 6 op, 512192300.00 ns, 85.3654 ms/op
WorkloadActual  29: 6 op, 510472400.00 ns, 85.0787 ms/op
WorkloadActual  30: 6 op, 512523100.00 ns, 85.4205 ms/op
WorkloadActual  31: 6 op, 510118900.00 ns, 85.0198 ms/op
WorkloadActual  32: 6 op, 522386600.00 ns, 87.0644 ms/op
WorkloadActual  33: 6 op, 512355800.00 ns, 85.3926 ms/op
WorkloadActual  34: 6 op, 490989600.00 ns, 81.8316 ms/op
WorkloadActual  35: 6 op, 534481200.00 ns, 89.0802 ms/op
WorkloadActual  36: 6 op, 508599700.00 ns, 84.7666 ms/op
WorkloadActual  37: 6 op, 565095400.00 ns, 94.1826 ms/op
WorkloadActual  38: 6 op, 531045400.00 ns, 88.5076 ms/op
WorkloadActual  39: 6 op, 551445700.00 ns, 91.9076 ms/op
WorkloadActual  40: 6 op, 540520100.00 ns, 90.0867 ms/op
WorkloadActual  41: 6 op, 539509100.00 ns, 89.9182 ms/op
WorkloadActual  42: 6 op, 554241500.00 ns, 92.3736 ms/op
WorkloadActual  43: 6 op, 525955300.00 ns, 87.6592 ms/op
WorkloadActual  44: 6 op, 542502500.00 ns, 90.4171 ms/op
WorkloadActual  45: 6 op, 599719800.00 ns, 99.9533 ms/op
WorkloadActual  46: 6 op, 573808200.00 ns, 95.6347 ms/op
WorkloadActual  47: 6 op, 535336300.00 ns, 89.2227 ms/op
WorkloadActual  48: 6 op, 538054900.00 ns, 89.6758 ms/op
WorkloadActual  49: 6 op, 515837800.00 ns, 85.9730 ms/op
WorkloadActual  50: 6 op, 559444400.00 ns, 93.2407 ms/op
WorkloadActual  51: 6 op, 529385000.00 ns, 88.2308 ms/op
WorkloadActual  52: 6 op, 536604700.00 ns, 89.4341 ms/op
WorkloadActual  53: 6 op, 504960100.00 ns, 84.1600 ms/op
WorkloadActual  54: 6 op, 509729900.00 ns, 84.9550 ms/op
WorkloadActual  55: 6 op, 525581400.00 ns, 87.5969 ms/op
WorkloadActual  56: 6 op, 509431600.00 ns, 84.9053 ms/op
WorkloadActual  57: 6 op, 510729900.00 ns, 85.1217 ms/op
WorkloadActual  58: 6 op, 499882500.00 ns, 83.3138 ms/op
WorkloadActual  59: 6 op, 529196100.00 ns, 88.1994 ms/op
WorkloadActual  60: 6 op, 509584900.00 ns, 84.9308 ms/op
WorkloadActual  61: 6 op, 517607500.00 ns, 86.2679 ms/op
WorkloadActual  62: 6 op, 523324300.00 ns, 87.2207 ms/op
WorkloadActual  63: 6 op, 519343500.00 ns, 86.5573 ms/op
WorkloadActual  64: 6 op, 523956800.00 ns, 87.3261 ms/op
WorkloadActual  65: 6 op, 513745400.00 ns, 85.6242 ms/op
WorkloadActual  66: 6 op, 501054700.00 ns, 83.5091 ms/op
WorkloadActual  67: 6 op, 511813800.00 ns, 85.3023 ms/op
WorkloadActual  68: 6 op, 522128600.00 ns, 87.0214 ms/op
WorkloadActual  69: 6 op, 508321200.00 ns, 84.7202 ms/op

// AfterActualRun
WorkloadResult   1: 6 op, 553880700.00 ns, 92.3135 ms/op
WorkloadResult   2: 6 op, 552395600.00 ns, 92.0659 ms/op
WorkloadResult   3: 6 op, 609059200.00 ns, 101.5099 ms/op
WorkloadResult   4: 6 op, 548738500.00 ns, 91.4564 ms/op
WorkloadResult   5: 6 op, 538312000.00 ns, 89.7187 ms/op
WorkloadResult   6: 6 op, 502123700.00 ns, 83.6873 ms/op
WorkloadResult   7: 6 op, 494557900.00 ns, 82.4263 ms/op
WorkloadResult   8: 6 op, 523078000.00 ns, 87.1797 ms/op
WorkloadResult   9: 6 op, 515708000.00 ns, 85.9513 ms/op
WorkloadResult  10: 6 op, 504198300.00 ns, 84.0331 ms/op
WorkloadResult  11: 6 op, 516282800.00 ns, 86.0471 ms/op
WorkloadResult  12: 6 op, 508796100.00 ns, 84.7994 ms/op
WorkloadResult  13: 6 op, 531559900.00 ns, 88.5933 ms/op
WorkloadResult  14: 6 op, 545164400.00 ns, 90.8607 ms/op
WorkloadResult  15: 6 op, 517599300.00 ns, 86.2666 ms/op
WorkloadResult  16: 6 op, 508758700.00 ns, 84.7931 ms/op
WorkloadResult  17: 6 op, 524780800.00 ns, 87.4635 ms/op
WorkloadResult  18: 6 op, 512192300.00 ns, 85.3654 ms/op
WorkloadResult  19: 6 op, 510472400.00 ns, 85.0787 ms/op
WorkloadResult  20: 6 op, 512523100.00 ns, 85.4205 ms/op
WorkloadResult  21: 6 op, 510118900.00 ns, 85.0198 ms/op
WorkloadResult  22: 6 op, 522386600.00 ns, 87.0644 ms/op
WorkloadResult  23: 6 op, 512355800.00 ns, 85.3926 ms/op
WorkloadResult  24: 6 op, 490989600.00 ns, 81.8316 ms/op
WorkloadResult  25: 6 op, 534481200.00 ns, 89.0802 ms/op
WorkloadResult  26: 6 op, 508599700.00 ns, 84.7666 ms/op
WorkloadResult  27: 6 op, 565095400.00 ns, 94.1826 ms/op
WorkloadResult  28: 6 op, 531045400.00 ns, 88.5076 ms/op
WorkloadResult  29: 6 op, 551445700.00 ns, 91.9076 ms/op
WorkloadResult  30: 6 op, 540520100.00 ns, 90.0867 ms/op
WorkloadResult  31: 6 op, 539509100.00 ns, 89.9182 ms/op
WorkloadResult  32: 6 op, 554241500.00 ns, 92.3736 ms/op
WorkloadResult  33: 6 op, 525955300.00 ns, 87.6592 ms/op
WorkloadResult  34: 6 op, 542502500.00 ns, 90.4171 ms/op
WorkloadResult  35: 6 op, 599719800.00 ns, 99.9533 ms/op
WorkloadResult  36: 6 op, 573808200.00 ns, 95.6347 ms/op
WorkloadResult  37: 6 op, 535336300.00 ns, 89.2227 ms/op
WorkloadResult  38: 6 op, 538054900.00 ns, 89.6758 ms/op
WorkloadResult  39: 6 op, 515837800.00 ns, 85.9730 ms/op
WorkloadResult  40: 6 op, 559444400.00 ns, 93.2407 ms/op
WorkloadResult  41: 6 op, 529385000.00 ns, 88.2308 ms/op
WorkloadResult  42: 6 op, 536604700.00 ns, 89.4341 ms/op
WorkloadResult  43: 6 op, 504960100.00 ns, 84.1600 ms/op
WorkloadResult  44: 6 op, 509729900.00 ns, 84.9550 ms/op
WorkloadResult  45: 6 op, 525581400.00 ns, 87.5969 ms/op
WorkloadResult  46: 6 op, 509431600.00 ns, 84.9053 ms/op
WorkloadResult  47: 6 op, 510729900.00 ns, 85.1217 ms/op
WorkloadResult  48: 6 op, 499882500.00 ns, 83.3138 ms/op
WorkloadResult  49: 6 op, 529196100.00 ns, 88.1994 ms/op
WorkloadResult  50: 6 op, 509584900.00 ns, 84.9308 ms/op
WorkloadResult  51: 6 op, 517607500.00 ns, 86.2679 ms/op
WorkloadResult  52: 6 op, 523324300.00 ns, 87.2207 ms/op
WorkloadResult  53: 6 op, 519343500.00 ns, 86.5573 ms/op
WorkloadResult  54: 6 op, 523956800.00 ns, 87.3261 ms/op
WorkloadResult  55: 6 op, 513745400.00 ns, 85.6242 ms/op
WorkloadResult  56: 6 op, 501054700.00 ns, 83.5091 ms/op
WorkloadResult  57: 6 op, 511813800.00 ns, 85.3023 ms/op
WorkloadResult  58: 6 op, 522128600.00 ns, 87.0214 ms/op
WorkloadResult  59: 6 op, 508321200.00 ns, 84.7202 ms/op
// GC:  1 0 0 91828912 6
// Threading:  0 0 6

// AfterAll
// Benchmark Process 3092 has exited with code 0.

Mean = 87.819 ms, StdErr = 0.506 ms (0.58%), N = 59, StdDev = 3.886 ms
Min = 81.832 ms, Q1 = 85.049 ms, Median = 87.064 ms, Q3 = 89.697 ms, Max = 101.510 ms
IQR = 4.648 ms, LowerFence = 78.077 ms, UpperFence = 96.669 ms
ConfidenceInterval = [86.066 ms; 89.573 ms] (CI 99.9%), Margin = 1.754 ms (2.00% of Mean)
Skewness = 1.34, Kurtosis = 5.16, MValue = 2

// ** Remained 0 (0.0%) benchmark(s) to run. Estimated finish 2026-08-28 13:38 (0h 0m from now) **
Successfully reverted power plan (GUID: 8c5e7fda-e8bf-4a96-9a85-a6e23a8c635c FriendlyName: High performance)
// ***** BenchmarkRunner: Finish  *****

// * Export *
  BenchmarkDotNet.Artifacts\results\AlzaLogistics.Benchmarks.PlanningBenchmarks-report.csv
  BenchmarkDotNet.Artifacts\results\AlzaLogistics.Benchmarks.PlanningBenchmarks-report-github.md
  BenchmarkDotNet.Artifacts\results\AlzaLogistics.Benchmarks.PlanningBenchmarks-report.html

// * Detailed results *
PlanningBenchmarks.'100K packages, 240 trips, greedy only': DefaultJob
Runtime = .NET 10.0.11 (10.0.1126.37416), X64 RyuJIT AVX2; GC = Concurrent Workstation
Mean = 36.175 ms, StdErr = 0.209 ms (0.58%), N = 65, StdDev = 1.687 ms
Min = 32.749 ms, Q1 = 35.069 ms, Median = 36.035 ms, Q3 = 37.389 ms, Max = 40.282 ms
IQR = 2.320 ms, LowerFence = 31.589 ms, UpperFence = 40.869 ms
ConfidenceInterval = [35.453 ms; 36.897 ms] (CI 99.9%), Margin = 0.722 ms (2.00% of Mean)
Skewness = 0.08, Kurtosis = 2.43, MValue = 2
-------------------- Histogram --------------------
[32.713 ms ; 34.040 ms) | @@@@@@@
[34.040 ms ; 35.142 ms) | @@@@@@@@@@@
[35.142 ms ; 36.571 ms) | @@@@@@@@@@@@@@@@@@@@@@
[36.571 ms ; 37.881 ms) | @@@@@@@@@@@@@@@@
[37.881 ms ; 39.120 ms) | @@@@@@@
[39.120 ms ; 40.469 ms) | @@
---------------------------------------------------

PlanningBenchmarks.'100K packages, 240 trips, greedy + local search': DefaultJob
Runtime = .NET 10.0.11 (10.0.1126.37416), X64 RyuJIT AVX2; GC = Concurrent Workstation
Mean = 134.879 ms, StdErr = 0.696 ms (0.52%), N = 24, StdDev = 3.409 ms
Min = 129.139 ms, Q1 = 133.028 ms, Median = 135.569 ms, Q3 = 137.028 ms, Max = 142.509 ms
IQR = 4.000 ms, LowerFence = 127.027 ms, UpperFence = 143.029 ms
ConfidenceInterval = [132.257 ms; 137.501 ms] (CI 99.9%), Margin = 2.622 ms (1.94% of Mean)
Skewness = -0.07, Kurtosis = 2.43, MValue = 2.33
-------------------- Histogram --------------------
[128.701 ms ; 131.804 ms) | @@@@@@
[131.804 ms ; 134.957 ms) | @@@@
[134.957 ms ; 138.060 ms) | @@@@@@@@@@@@
[138.060 ms ; 142.619 ms) | @@
---------------------------------------------------

PlanningBenchmarks.'250K packages, 240 trips, greedy only': DefaultJob
Runtime = .NET 10.0.11 (10.0.1126.37416), X64 RyuJIT AVX2; GC = Concurrent Workstation
Mean = 110.347 ms, StdErr = 0.614 ms (0.56%), N = 37, StdDev = 3.732 ms
Min = 99.453 ms, Q1 = 108.130 ms, Median = 110.987 ms, Q3 = 113.242 ms, Max = 116.600 ms
IQR = 5.112 ms, LowerFence = 100.462 ms, UpperFence = 120.910 ms
ConfidenceInterval = [108.150 ms; 112.545 ms] (CI 99.9%), Margin = 2.198 ms (1.99% of Mean)
Skewness = -0.7, Kurtosis = 3.44, MValue = 2
-------------------- Histogram --------------------
[ 99.429 ms ; 103.648 ms) | @@
[103.648 ms ; 106.931 ms) | @@
[106.931 ms ; 109.871 ms) | @@@@@@@@@@@@
[109.871 ms ; 113.900 ms) | @@@@@@@@@@@@@@@@
[113.900 ms ; 116.847 ms) | @@@@@
---------------------------------------------------

PlanningBenchmarks.'500K packages, 240 trips, greedy only': DefaultJob
Runtime = .NET 10.0.11 (10.0.1126.37416), X64 RyuJIT AVX2; GC = Concurrent Workstation
Mean = 210.138 ms, StdErr = 1.150 ms (0.55%), N = 36, StdDev = 6.898 ms
Min = 199.042 ms, Q1 = 205.446 ms, Median = 207.732 ms, Q3 = 215.927 ms, Max = 227.245 ms
IQR = 10.482 ms, LowerFence = 189.723 ms, UpperFence = 231.650 ms
ConfidenceInterval = [206.009 ms; 214.267 ms] (CI 99.9%), Margin = 4.129 ms (1.96% of Mean)
Skewness = 0.59, Kurtosis = 2.5, MValue = 2.59
-------------------- Histogram --------------------
[197.236 ms ; 202.908 ms) | @@@
[202.908 ms ; 208.392 ms) | @@@@@@@@@@@@@@@@@
[208.392 ms ; 214.018 ms) | @@@@
[214.018 ms ; 219.503 ms) | @@@@@@@@@
[219.503 ms ; 228.640 ms) | @@@
---------------------------------------------------

PlanningBenchmarks.'100K packages, 240 trips, round-robin (Low Demand)': DefaultJob
Runtime = .NET 10.0.11 (10.0.1126.37416), X64 RyuJIT AVX2; GC = Concurrent Workstation
Mean = 87.819 ms, StdErr = 0.506 ms (0.58%), N = 59, StdDev = 3.886 ms
Min = 81.832 ms, Q1 = 85.049 ms, Median = 87.064 ms, Q3 = 89.697 ms, Max = 101.510 ms
IQR = 4.648 ms, LowerFence = 78.077 ms, UpperFence = 96.669 ms
ConfidenceInterval = [86.066 ms; 89.573 ms] (CI 99.9%), Margin = 1.754 ms (2.00% of Mean)
Skewness = 1.34, Kurtosis = 5.16, MValue = 2
-------------------- Histogram --------------------
[81.686 ms ;  84.713 ms) | @@@@@@@
[84.713 ms ;  87.333 ms) | @@@@@@@@@@@@@@@@@@@@@@@@@@
[87.333 ms ;  90.001 ms) | @@@@@@@@@@@@@
[90.001 ms ;  93.128 ms) | @@@@@@@@
[93.128 ms ;  95.748 ms) | @@@
[95.748 ms ;  98.368 ms) | 
[98.368 ms ; 102.042 ms) | @@
---------------------------------------------------

// * Summary *

BenchmarkDotNet v0.14.0, Windows 10 (10.0.19045.7663/22H2/2022Update)
Intel Core i7-7700HQ CPU 2.80GHz (Kaby Lake), 1 CPU, 8 logical and 4 physical cores
.NET SDK 10.0.400
  [Host]     : .NET 10.0.11 (10.0.1126.37416), X64 RyuJIT AVX2
  DefaultJob : .NET 10.0.11 (10.0.1126.37416), X64 RyuJIT AVX2


| Method                                               | Mean      | Error    | StdDev   | Gen0       | Gen1      | Gen2     | Allocated |
|----------------------------------------------------- |----------:|---------:|---------:|-----------:|----------:|---------:|----------:|
| '100K packages, 240 trips, greedy only'              |  36.17 ms | 0.722 ms | 1.687 ms |   933.3333 |  733.3333 | 133.3333 |  13.39 MB |
| '100K packages, 240 trips, greedy + local search'    | 134.88 ms | 2.622 ms | 3.409 ms | 15500.0000 | 1500.0000 | 500.0000 |  83.73 MB |
| '250K packages, 240 trips, greedy only'              | 110.35 ms | 2.198 ms | 3.732 ms |  1833.3333 | 1000.0000 | 500.0000 |  38.98 MB |
| '500K packages, 240 trips, greedy only'              | 210.14 ms | 4.129 ms | 6.898 ms |  1000.0000 |         - |        - |  75.16 MB |
| '100K packages, 240 trips, round-robin (Low Demand)' |  87.82 ms | 1.754 ms | 3.886 ms |   166.6667 |         - |        - |   14.6 MB |

// * Hints *
Outliers
  PlanningBenchmarks.'100K packages, 240 trips, greedy + local search': Default    -> 1 outlier  was  removed (145.46 ms)
  PlanningBenchmarks.'250K packages, 240 trips, greedy only': Default              -> 1 outlier  was  detected (99.45 ms)
  PlanningBenchmarks.'100K packages, 240 trips, round-robin (Low Demand)': Default -> 10 outliers were removed (103.48 ms..113.99 ms)

// * Legends *
  Mean      : Arithmetic mean of all measurements
  Error     : Half of 99.9% confidence interval
  StdDev    : Standard deviation of all measurements
  Gen0      : GC Generation 0 collects per 1000 operations
  Gen1      : GC Generation 1 collects per 1000 operations
  Gen2      : GC Generation 2 collects per 1000 operations
  Allocated : Allocated memory per single operation (managed only, inclusive, 1KB = 1024B)
  1 ms      : 1 Millisecond (0.001 sec)

// * Diagnostic Output - MemoryDiagnoser *


// ***** BenchmarkRunner: End *****
Run time: 00:02:31 (151.6 sec), executed benchmarks: 5

Global total time: 00:02:42 (162.71 sec), executed benchmarks: 5
// * Artifacts cleanup *
Artifacts cleanup is finished
